2026-06-02 15:02:04,762 [INFO] Activator:176 - 


2026-06-02 15:02:04,763 [INFO] Activator:177 - !SESSION log4j initialized
2026-06-02 15:02:06,329 [INFO] LogOutputStream:77 - [STDOUT_REDIRECT] 
2026-06-02 15:02:06,488 [INFO] LogOutputStream:77 - [STDOUT_REDIRECT] Start the detection of the machine's architecture
2026-06-02 15:02:06,494 [INFO] LogOutputStream:77 - [STDOUT_REDIRECT] use arm architecture
2026-06-02 15:02:06,495 [INFO] LogOutputStream:77 - [STDOUT_REDIRECT] Architecture: Apple Silicon (ARM64)
2026-06-02 15:03:08,585 [ERROR] LogOutputStream:75 - [STDERR_REDIRECT] 
2026-06-02 15:03:12,291 [INFO] Activator:176 - 


2026-06-02 15:03:12,292 [INFO] Activator:177 - !SESSION log4j initialized
2026-06-02 15:03:13,944 [INFO] LogOutputStream:77 - [STDOUT_REDIRECT] 
2026-06-02 15:03:14,088 [INFO] LogOutputStream:77 - [STDOUT_REDIRECT] Start the detection of the machine's architecture
2026-06-02 15:03:14,099 [INFO] LogOutputStream:77 - [STDOUT_REDIRECT] use arm architecture
2026-06-02 15:03:14,099 [INFO] LogOutputStream:77 - [STDOUT_REDIRECT] Architecture: Apple Silicon (ARM64)
2026-06-02 15:05:48,586 [ERROR] LogOutputStream:75 - [STDERR_REDIRECT] 
2026-06-02 15:07:38,833 [INFO] Activator:176 - 


2026-06-02 15:07:38,834 [INFO] Activator:177 - !SESSION log4j initialized
2026-06-02 15:07:41,366 [INFO] LogOutputStream:77 - [STDOUT_REDIRECT] 
2026-06-02 15:07:41,519 [INFO] LogOutputStream:77 - [STDOUT_REDIRECT] Start the detection of the machine's architecture
2026-06-02 15:07:41,531 [INFO] LogOutputStream:77 - [STDOUT_REDIRECT] use arm architecture
2026-06-02 15:07:41,531 [INFO] LogOutputStream:77 - [STDOUT_REDIRECT] Architecture: Apple Silicon (ARM64)
2026-06-02 15:08:42,433 [ERROR] LogOutputStream:75 - [STDERR_REDIRECT] 
2026-06-02 15:09:07,879 [INFO] Activator:176 - 


2026-06-02 15:09:07,880 [INFO] Activator:177 - !SESSION log4j initialized
2026-06-02 15:09:10,360 [INFO] LogOutputStream:77 - [STDOUT_REDIRECT] 
2026-06-02 15:09:10,521 [INFO] LogOutputStream:77 - [STDOUT_REDIRECT] Start the detection of the machine's architecture
2026-06-02 15:09:10,536 [INFO] LogOutputStream:77 - [STDOUT_REDIRECT] use arm architecture
2026-06-02 15:09:10,536 [INFO] LogOutputStream:77 - [STDOUT_REDIRECT] Architecture: Apple Silicon (ARM64)
2026-06-02 15:11:40,055 [ERROR] LogOutputStream:75 - [STDERR_REDIRECT] 
2026-06-02 15:26:46,907 [INFO] Activator:176 - 


2026-06-02 15:26:46,909 [INFO] Activator:177 - !SESSION log4j initialized
2026-06-02 15:26:48,610 [INFO] LogOutputStream:77 - [STDOUT_REDIRECT] 
2026-06-02 15:26:48,768 [INFO] LogOutputStream:77 - [STDOUT_REDIRECT] Start the detection of the machine's architecture
2026-06-02 15:26:48,777 [INFO] LogOutputStream:77 - [STDOUT_REDIRECT] use arm architecture
2026-06-02 15:26:48,777 [INFO] LogOutputStream:77 - [STDOUT_REDIRECT] Architecture: Apple Silicon (ARM64)
2026-06-02 15:34:01,395 [ERROR] LogOutputStream:75 - [STDERR_REDIRECT] 
2026-06-02 15:34:04,950 [INFO] Activator:176 - 


2026-06-02 15:34:04,951 [INFO] Activator:177 - !SESSION log4j initialized
2026-06-02 15:34:06,473 [INFO] LogOutputStream:77 - [STDOUT_REDIRECT] 
2026-06-02 15:34:06,624 [INFO] LogOutputStream:77 - [STDOUT_REDIRECT] Start the detection of the machine's architecture
2026-06-02 15:34:06,637 [INFO] LogOutputStream:77 - [STDOUT_REDIRECT] use arm architecture
2026-06-02 15:34:06,637 [INFO] LogOutputStream:77 - [STDOUT_REDIRECT] Architecture: Apple Silicon (ARM64)
2026-06-02 15:36:12,478 [ERROR] LogOutputStream:75 - [STDERR_REDIRECT] 
