../Core/Src/main.c:122:13:ResetPI	1
../Core/Src/main.c:129:14:Saturate	3
../Core/Src/main.c:136:13:PWM_SetAlpha	2
../Core/Src/main.c:151:14:ADC_ToVoltage	1
../Core/Src/main.c:162:21:ADC_ReadAll	3
../Core/Src/main.c:185:14:ReadCurrent_A	1
../Core/Src/main.c:198:14:ReadCurrentFiltered_A	2
../Core/Src/main.c:210:13:CalibrateCurrentOffset	2
../Core/Src/main.c:232:5:main	11
../Core/Src/main.c:364:6:SystemClock_Config	4
../Core/Src/main.c:410:13:MX_ADC1_Init	4
../Core/Src/main.c:466:13:MX_TIM1_Init	7
../Core/Src/main.c:541:13:MX_USART2_UART_Init	2
../Core/Src/main.c:574:13:MX_GPIO_Init	1
../Core/Src/main.c:620:6:Error_Handler	1
