../Core/Src/main.c:70:13:PWM_SetAlpha	24	static
../Core/Src/main.c:95:14:ADC_ToVoltage	16	static
../Core/Src/main.c:100:21:ADC_ReadAll	16	static
../Core/Src/main.c:123:14:ReadCurrent_A	24	static
../Core/Src/main.c:136:14:ReadReference_A	24	static
../Core/Src/main.c:155:5:main	32	static
../Core/Src/main.c:246:6:SystemClock_Config	88	static
../Core/Src/main.c:292:13:MX_ADC1_Init	24	static
../Core/Src/main.c:348:13:MX_TIM1_Init	96	static
../Core/Src/main.c:423:13:MX_USART2_UART_Init	8	static
../Core/Src/main.c:456:13:MX_GPIO_Init	40	static
../Core/Src/main.c:502:6:Error_Handler	4	static,ignoring_inline_asm
