14:46:00 **** Incremental Build of configuration Debug for project PX222_PWM ****
make -j22 all 
arm-none-eabi-gcc "../Core/Src/main.c" -mcpu=cortex-m3 -std=gnu11 -g3 -DDEBUG -DUSE_HAL_DRIVER -DSTM32F103xB -c -I../Core/Inc -I../Drivers/STM32F1xx_HAL_Driver/Inc -I../Drivers/STM32F1xx_HAL_Driver/Inc/Legacy -I../Drivers/CMSIS/Device/ST/STM32F1xx/Include -I../Drivers/CMSIS/Include -O0 -ffunction-sections -fdata-sections -Wall -fstack-usage -fcyclomatic-complexity -MMD -MP -MF"Core/Src/main.d" -MT"Core/Src/main.o" --specs=nano.specs -mfloat-abi=soft -mthumb -o "Core/Src/main.o"
../Core/Src/main.c:131:14: warning: 'ReadReference_A' defined but not used [-Wunused-function]
  131 | static float ReadReference_A(void)
      |              ^~~~~~~~~~~~~~~
../Core/Src/main.c:118:14: warning: 'ReadCurrent_A' defined but not used [-Wunused-function]
  118 | static float ReadCurrent_A(void)
      |              ^~~~~~~~~~~~~
arm-none-eabi-gcc -o "PX222_PWM.elf" @"objects.list"   -mcpu=cortex-m3 -T"C:\Users\antto\Documents\ESISAR\2A\Semestre 4\PX222\AUTO-ELEC\PX222_PWM\STM32F103RBTX_FLASH.ld" --specs=nosys.specs -Wl,-Map="PX222_PWM.map" -Wl,--gc-sections -static --specs=nano.specs -mfloat-abi=soft -mthumb -Wl,--start-group -lc -lm -Wl,--end-group
Finished building target: PX222_PWM.elf
 
arm-none-eabi-size  PX222_PWM.elf 
arm-none-eabi-objdump -h -S PX222_PWM.elf  > "PX222_PWM.list"
   text	   data	    bss	    dec	    hex	filename
  13572	     12	   1764	  15348	   3bf4	PX222_PWM.elf
Finished building: default.size.stdout
 
Finished building: PX222_PWM.list
 

14:46:01 Build Finished. 0 errors, 2 warnings. (took 1s.58ms)

