15:43:27 **** Incremental Build of configuration Debug for project PX222_PWM ****
make -j7 all 
arm-none-eabi-gcc "../Core/Src/main.c" -mcpu=cortex-m3 -std=gnu11 -g3 -DDEBUG -DUSE_HAL_DRIVER -DSTM32F103xB -c -I../Core/Inc -I../Drivers/STM32F1xx_HAL_Driver/Inc -I../Drivers/STM32F1xx_HAL_Driver/Inc/Legacy -I../Drivers/CMSIS/Device/ST/STM32F1xx/Include -I../Drivers/CMSIS/Include -O0 -ffunction-sections -fdata-sections -Wall -fstack-usage -fcyclomatic-complexity -MMD -MP -MF"Core/Src/main.d" -MT"Core/Src/main.o" --specs=nano.specs -mfloat-abi=soft -mthumb -o "Core/Src/main.o"
arm-none-eabi-gcc -o "PX222_PWM.elf" @"objects.list"   -mcpu=cortex-m3 -T"/Users/fernandezlucas/Desktop/Esisar/2A/PX/PX222-AUTO-ELEC/PX222_PWM/STM32F103RBTX_FLASH.ld" --specs=nosys.specs -Wl,-Map="PX222_PWM.map" -Wl,--gc-sections -static --specs=nano.specs -mfloat-abi=soft -mthumb -Wl,--start-group -lc -lm -Wl,--end-group
Finished building target: PX222_PWM.elf
 
arm-none-eabi-size  PX222_PWM.elf 
arm-none-eabi-objdump -h -S PX222_PWM.elf  > "PX222_PWM.list"
   text	   data	    bss	    dec	    hex	filename
  15220	     16	   1768	  17004	   426c	PX222_PWM.elf
Finished building: default.size.stdout
 
Finished building: PX222_PWM.list
 

15:43:28 Build Finished. 0 errors, 0 warnings. (took 696ms)

